<?xml version="1.0" encoding="utf-8"?>
<AssistConfig xmlns:xsd="http://www.w3.org/2001/XMLSchema" xmlns:xsi="http://www.w3.org/2001/XMLSchema-instance" UniqueIdentifier="00000000-0000-0000-0000-000000000000" Version="4">
  <MigrationIdentifier>00000000-0000-0000-0000-000000000001</MigrationIdentifier>
  <CreatedWith>PyaLab for VIALAB v3.4.0.0, config v4, data v9</CreatedWith>
  <CreatedBy>UnknownUser</CreatedBy>
  <MigrationHistory/>
  <DataVersion>9</DataVersion>
  <DisplayNameOnPipette>arbitrary</DisplayNameOnPipette>
  <Description>arbitrary description</Description>
  <Pipette Version="1">
    <DataVersion>4</DataVersion>
    <Channels>12</Channels>
    <Manufacturer>INTEGRA</Manufacturer>
    <Name>VIAFLO</Name>
    <PartNumber>4634</PartNumber>
    <PipetteDefaultVolume>125000</PipetteDefaultVolume>
    <IsVoyager>false</IsVoyager>
    <MinSpacing>900</MinSpacing>
    <MaxSpacing>900</MaxSpacing>
    <ColorText>#FF69B3E7</ColorText>
    <ValidTipIDs>
      <Tip>30</Tip>
      <Tip>31</Tip>
      <Tip>32</Tip>
      <Tip>33</Tip>
      <Tip>34</Tip>
      <Tip>35</Tip>
      <Tip>36</Tip>
      <Tip>37</Tip>
      <Tip>38</Tip>
      <Tip>39</Tip>
      <Tip>47</Tip>
      <Tip>48</Tip>
      <Tip>49</Tip>
      <Tip>50</Tip>
      <Tip>51</Tip>
      <Tip>52</Tip>
      <Tip>53</Tip>
      <Tip>101</Tip>
      <Tip>102</Tip>
      <Tip>103</Tip>
      <Tip>104</Tip>
      <Tip>105</Tip>
      <Tip>106</Tip>
      <Tip>107</Tip>
      <Tip>108</Tip>
      <Tip>109</Tip>
      <Tip>110</Tip>
    </ValidTipIDs>
  </Pipette>
  <Tip Version="1">
    <DataVersion>5</DataVersion>
    <TipID>33</TipID>
    <Name>1250 µl GripTip, Sterile, Filter, Low retention</Name>
    <Manufacturer>INTEGRA</Manufacturer>
    <PartNumber>6545</PartNumber>
    <Volume>125000</Volume>
    <ColorText>#FF69B3E7</ColorText>
    <Length>Standard</Length>
    <LengthMM>10274</LengthMM>
    <TipSpecial>LowRetention</TipSpecial>
    <TipType>Sterile</TipType>
    <HasFilter>true</HasFilter>
  </Tip>
  <Tips>
    <Tip Version="1">
      <DataVersion>5</DataVersion>
      <TipID>33</TipID>
      <Name>1250 µl GripTip, Sterile, Filter, Low retention</Name>
      <Manufacturer>INTEGRA</Manufacturer>
      <PartNumber>6545</PartNumber>
      <Volume>125000</Volume>
      <ColorText>#FF69B3E7</ColorText>
      <Length>Standard</Length>
      <LengthMM>10274</LengthMM>
      <TipSpecial>LowRetention</TipSpecial>
      <TipType>Sterile</TipType>
      <HasFilter>true</HasFilter>
    </Tip>
  </Tips>
  <Deck Version="1">
    <DataVersion>12</DataVersion>
    <Name>3 Position Universal Deck</Name>
    <Manufacturer>INTEGRA</Manufacturer>
    <PartNumber>4520</PartNumber>
    <IconPath>PN 4520_3 position universel Deck.PNG</IconPath>
    <Description>PN 4520</Description>
    <Width>17300</Width>
    <Length>39500</Length>
    <Depth>1000</Depth>
    <InnerWidth>200</InnerWidth>
    <ShowHatchet>true</ShowHatchet>
    <ShowWaste>false</ShowWaste>
    <Sections>
      <Section>
        <Name>A</Name>
        <Location_X>415</Location_X>
        <Location_Y>475</Location_Y>
        <Width>16350</Width>
        <Length>8600</Length>
        <Depth>0</Depth>
        <IsWaste>false</IsWaste>
        <OrientationExtended>Landscape</OrientationExtended>
        <ContentOrientation>Landscape</ContentOrientation>
      </Section>
      <Section>
        <Name>A</Name>
        <Location_X>2115</Location_X>
        <Location_Y>1075</Location_Y>
        <Width>15150</Width>
        <Length>5200</Length>
        <Depth>-300</Depth>
        <IsWaste>false</IsWaste>
        <OrientationExtended>Landscape</OrientationExtended>
        <ContentOrientation>Landscape</ContentOrientation>
      </Section>
      <Section>
        <Name>A</Name>
        <Location_X>2390</Location_X>
        <Location_Y>2855</Location_Y>
        <Width>11370</Width>
        <Length>4650</Length>
        <Depth>-300</Depth>
        <IsWaste>false</IsWaste>
        <Content Version="1" xsi:type="Reservoir">
          <DataVersion>7</DataVersion>
          <Name>Multichannel Reservoir</Name>
          <Manufacturer>INTEGRA</Manufacturer>
          <PartNumber>4330, 4331, 4332, 4335, 4336, 4337, 4370, 4371, 4372</PartNumber>
          <Description>Polystyrene or Polypropylene</Description>
          <IconPath>Reservoir_10ml_1.png</IconPath>
          <Measurements>
            <DataVersion>0</DataVersion>
            <Description/>
            <FootprintLengthMM>4642</FootprintLengthMM>
            <FootprintWidthMM>11380</FootprintWidthMM>
            <HeightMM>2502</HeightMM>
          </Measurements>
          <Wells>
            <DataVersion>0</DataVersion>
            <Description/>
            <BottomShape>VShape</BottomShape>
            <CollumnCount>1</CollumnCount>
            <CollumnGap>3000</CollumnGap>
            <Depth>2178</Depth>
            <NominalWellVolume>1000000</NominalWellVolume>
            <VShapeDepth>0</VShapeDepth>
            <FirstHolePositionText>901;901</FirstHolePositionText>
            <RowCount>1</RowCount>
            <RowGap>9578</RowGap>
            <Shape>Rectangle</Shape>
            <Size>2839</Size>
            <SizeBottom>0</SizeBottom>
            <Length>9578</Length>
            <Type>V_Shape_10</Type>
          </Wells>
          <NameInProcess>!1</NameInProcess>
        </Content>
        <OrientationExtended>Landscape</OrientationExtended>
        <ContentOrientation>Landscape</ContentOrientation>
      </Section>
      <Section>
        <Name>A</Name>
        <Location_X>415</Location_X>
        <Location_Y>2260</Location_Y>
        <Width>12800</Width>
        <Length>8600</Length>
        <Depth>0</Depth>
        <IsWaste>false</IsWaste>
        <OrientationExtended>Landscape</OrientationExtended>
        <ContentOrientation>Landscape</ContentOrientation>
      </Section>
      <Section>
        <Name>A</Name>
        <Location_X>410</Location_X>
        <Location_Y>2260</Location_Y>
        <Width>14600</Width>
        <Length>8600</Length>
        <Depth>0</Depth>
        <IsWaste>false</IsWaste>
        <OrientationExtended>Landscape</OrientationExtended>
        <ContentOrientation>Landscape</ContentOrientation>
      </Section>
      <Section>
        <Name>B</Name>
        <Location_X>9540</Location_X>
        <Location_Y>2260</Location_Y>
        <Width>14570</Width>
        <Length>12820</Length>
        <Depth>0</Depth>
        <IsWaste>false</IsWaste>
        <Content Version="1" xsi:type="Tubeholder">
          <DataVersion>7</DataVersion>
          <Name>Rack for 1.5 ml microcentrifuge tubes with snap caps</Name>
          <Manufacturer>INTEGRA</Manufacturer>
          <PartNumber>4540</PartNumber>
          <Description>6x8 1.5 ml microcentrifuge tubes</Description>
          <Measurements>
            <DataVersion>0</DataVersion>
            <Description/>
            <FootprintLengthMM>12800</FootprintLengthMM>
            <FootprintWidthMM>14320</FootprintWidthMM>
            <HeightMM>4950</HeightMM>
          </Measurements>
          <Wells>
            <DataVersion>0</DataVersion>
            <Description/>
            <BottomShape>VShape</BottomShape>
            <CollumnCount>6</CollumnCount>
            <CollumnGap>2140</CollumnGap>
            <Depth>3730</Depth>
            <NominalWellVolume>150000</NominalWellVolume>
            <VShapeDepth>1790</VShapeDepth>
            <FirstHolePositionText>650;1675</FirstHolePositionText>
            <RowCount>8</RowCount>
            <RowGap>1350</RowGap>
            <Shape>Circle</Shape>
            <Size>885</Size>
            <SizeBottom>0</SizeBottom>
          </Wells>
          <NameInProcess>!1</NameInProcess>
        </Content>
        <OrientationExtended>Landscape</OrientationExtended>
        <ContentOrientation>Landscape</ContentOrientation>
      </Section>
      <Section>
        <Name>B</Name>
        <Location_X>9540</Location_X>
        <Location_Y>4370</Location_Y>
        <Width>8600</Width>
        <Length>12820</Length>
        <Depth>0</Depth>
        <IsWaste>false</IsWaste>
        <OrientationExtended>Landscape</OrientationExtended>
        <ContentOrientation>Landscape</ContentOrientation>
      </Section>
      <Section>
        <Name>B</Name>
        <Location_X>11650</Location_X>
        <Location_Y>2260</Location_Y>
        <Width>12820</Width>
        <Length>8600</Length>
        <Depth>0</Depth>
        <IsWaste>false</IsWaste>
        <OrientationExtended>Landscape</OrientationExtended>
        <ContentOrientation>Landscape</ContentOrientation>
      </Section>
      <Section>
        <Name>B</Name>
        <Location_X>11645</Location_X>
        <Location_Y>2260</Location_Y>
        <Width>14600</Width>
        <Length>8600</Length>
        <Depth>0</Depth>
        <IsWaste>false</IsWaste>
        <OrientationExtended>Landscape</OrientationExtended>
        <ContentOrientation>Landscape</ContentOrientation>
      </Section>
      <Section>
        <Name>B</Name>
        <Location_X>9540</Location_X>
        <Location_Y>2260</Location_Y>
        <Width>12820</Width>
        <Length>12820</Length>
        <Depth>0</Depth>
        <IsWaste>false</IsWaste>
        <OrientationExtended>Landscape</OrientationExtended>
        <ContentOrientation>Landscape</ContentOrientation>
      </Section>
      <Section>
        <Name>B</Name>
        <Location_X>11650</Location_X>
        <Location_Y>475</Location_Y>
        <Width>16350</Width>
        <Length>8600</Length>
        <Depth>0</Depth>
        <IsWaste>false</IsWaste>
        <OrientationExtended>Landscape</OrientationExtended>
        <ContentOrientation>Landscape</ContentOrientation>
      </Section>
      <Section>
        <Name>B</Name>
        <Location_X>10970</Location_X>
        <Location_Y>1575</Location_Y>
        <Width>14200</Width>
        <Length>9940</Length>
        <Depth>0</Depth>
        <IsWaste>false</IsWaste>
        <OrientationExtended>Landscape</OrientationExtended>
        <ContentOrientation>Landscape</ContentOrientation>
      </Section>
      <Section>
        <Name>B</Name>
        <Location_X>9540</Location_X>
        <Location_Y>475</Location_Y>
        <Width>16350</Width>
        <Length>12820</Length>
        <Depth>0</Depth>
        <IsWaste>false</IsWaste>
        <OrientationExtended>Landscape</OrientationExtended>
        <ContentOrientation>Landscape</ContentOrientation>
      </Section>
      <Section>
        <Name>C</Name>
        <Location_X>23340</Location_X>
        <Location_Y>2260</Location_Y>
        <Width>14570</Width>
        <Length>12820</Length>
        <Depth>0</Depth>
        <IsWaste>false</IsWaste>
        <OrientationExtended>Landscape</OrientationExtended>
        <ContentOrientation>Landscape</ContentOrientation>
      </Section>
      <Section>
        <Name>C</Name>
        <Location_X>23340</Location_X>
        <Location_Y>4370</Location_Y>
        <Width>8600</Width>
        <Length>12820</Length>
        <Depth>0</Depth>
        <IsWaste>false</IsWaste>
        <Content Version="1" xsi:type="Reservoir">
          <DataVersion>4</DataVersion>
          <Name>12 Column Polypropylene Reservoir</Name>
          <Manufacturer>INTEGRA</Manufacturer>
          <PartNumber>6361, 6362</PartNumber>
          <Description/>
          <IconPath>Reservoir_21ml_12_Well.png</IconPath>
          <Measurements>
            <DataVersion>0</DataVersion>
            <Description/>
            <FootprintLengthMM>12780</FootprintLengthMM>
            <FootprintWidthMM>8560</FootprintWidthMM>
            <HeightMM>4400</HeightMM>
          </Measurements>
          <Wells>
            <DataVersion>0</DataVersion>
            <Description/>
            <BottomShape>Circle</BottomShape>
            <CollumnCount>12</CollumnCount>
            <CollumnGap>900</CollumnGap>
            <Depth>3920</Depth>
            <NominalWellVolume>2100000</NominalWellVolume>
            <VShapeDepth>0</VShapeDepth>
            <FirstHolePositionText>1000;700</FirstHolePositionText>
            <RowCount>1</RowCount>
            <RowGap>7178</RowGap>
            <Shape>Circle</Shape>
            <Size>800</Size>
            <SizeBottom>0</SizeBottom>
            <Length>7178</Length>
            <Type>Block</Type>
          </Wells>
          <NameInProcess>!1</NameInProcess>
        </Content>
        <OrientationExtended>Landscape</OrientationExtended>
        <ContentOrientation>Landscape</ContentOrientation>
      </Section>
      <Section>
        <Name>C</Name>
        <Location_X>25450</Location_X>
        <Location_Y>2260</Location_Y>
        <Width>12820</Width>
        <Length>8600</Length>
        <Depth>0</Depth>
        <IsWaste>false</IsWaste>
        <OrientationExtended>Landscape</OrientationExtended>
        <ContentOrientation>Landscape</ContentOrientation>
      </Section>
      <Section>
        <Name>C</Name>
        <Location_X>25445</Location_X>
        <Location_Y>2260</Location_Y>
        <Width>14600</Width>
        <Length>8600</Length>
        <Depth>0</Depth>
        <IsWaste>false</IsWaste>
        <OrientationExtended>Landscape</OrientationExtended>
        <ContentOrientation>Landscape</ContentOrientation>
      </Section>
      <Section>
        <Name>C</Name>
        <Location_X>23340</Location_X>
        <Location_Y>2260</Location_Y>
        <Width>12820</Width>
        <Length>12820</Length>
        <Depth>0</Depth>
        <IsWaste>false</IsWaste>
        <OrientationExtended>Landscape</OrientationExtended>
        <ContentOrientation>Landscape</ContentOrientation>
      </Section>
      <Section>
        <Name>C</Name>
        <Location_X>25450</Location_X>
        <Location_Y>475</Location_Y>
        <Width>16350</Width>
        <Length>8600</Length>
        <Depth>0</Depth>
        <IsWaste>false</IsWaste>
        <OrientationExtended>Landscape</OrientationExtended>
        <ContentOrientation>Landscape</ContentOrientation>
      </Section>
      <Section>
        <Name>C</Name>
        <Location_X>24800</Location_X>
        <Location_Y>1575</Location_Y>
        <Width>14200</Width>
        <Length>9940</Length>
        <Depth>0</Depth>
        <IsWaste>false</IsWaste>
        <OrientationExtended>Landscape</OrientationExtended>
        <ContentOrientation>Landscape</ContentOrientation>
      </Section>
      <Section>
        <Name>C</Name>
        <Location_X>22670</Location_X>
        <Location_Y>3725</Location_Y>
        <Width>9940</Width>
        <Length>14200</Length>
        <Depth>0</Depth>
        <IsWaste>false</IsWaste>
        <OrientationExtended>Landscape</OrientationExtended>
        <ContentOrientation>Landscape</ContentOrientation>
      </Section>
      <Section>
        <Name>C</Name>
        <Location_X>23340</Location_X>
        <Location_Y>475</Location_Y>
        <Width>16350</Width>
        <Length>12820</Length>
        <Depth>0</Depth>
        <IsWaste>false</IsWaste>
        <OrientationExtended>Landscape</OrientationExtended>
        <ContentOrientation>Landscape</ContentOrientation>
      </Section>
      <Section>
        <Name>D</Name>
        <Location_X>37045</Location_X>
        <Location_Y>475</Location_Y>
        <Width>16350</Width>
        <Length>2000</Length>
        <Depth>-500</Depth>
        <IsWaste>true</IsWaste>
        <Content Version="1" xsi:type="Reservoir">
          <DataVersion>6</DataVersion>
          <Name>Waste block</Name>
          <Manufacturer>INTEGRA</Manufacturer>
          <PartNumber>4310, 4311, 4312, 4315, 4316, 4317, 4380, 4381, 4382</PartNumber>
          <Description>Polystyrene or Polypropylene</Description>
          <IconPath>Reservoir_25ml_1.png</IconPath>
          <Measurements Version="0">
            <DataVersion>0</DataVersion>
            <Description/>
            <FootprintLengthMM>2000</FootprintLengthMM>
            <FootprintWidthMM>16350</FootprintWidthMM>
            <HeightMM>11000</HeightMM>
          </Measurements>
          <Wells Version="0">
            <DataVersion>0</DataVersion>
            <Description/>
            <Angle>0</Angle>
            <SectionHeightCorrection>0</SectionHeightCorrection>
            <DeltaHmax>0</DeltaHmax>
            <BottomShape>Circle</BottomShape>
            <CollumnCount>1</CollumnCount>
            <CollumnGap>3600</CollumnGap>
            <Depth>10500</Depth>
            <NominalWellVolume>2500000</NominalWellVolume>
            <VShapeDepth>0</VShapeDepth>
            <FirstHolePositionText>0;0</FirstHolePositionText>
            <RowCount>1</RowCount>
            <RowGap>16350</RowGap>
            <Shape>Circle</Shape>
            <Size>2000</Size>
            <Length>16350</Length>
            <SizeBottom>0</SizeBottom>
            <Type>Waste</Type>
          </Wells>
        </Content>
        <OrientationExtended>Landscape</OrientationExtended>
        <ContentOrientation>Landscape</ContentOrientation>
      </Section>
    </Sections>
    <DeckID>00000000-0000-0000-0000-000000000000</DeckID>
    <CreationOrderIndex>0</CreationOrderIndex>
    <IsCopy>false</IsCopy>
    <NameInProcess>Labware Layout 1</NameInProcess>
  </Deck>
  <AllDecks>
    <Deck Version="1">
      <DataVersion>12</DataVersion>
      <Name>3 Position Universal Deck</Name>
      <Manufacturer>INTEGRA</Manufacturer>
      <PartNumber>4520</PartNumber>
      <IconPath>PN 4520_3 position universel Deck.PNG</IconPath>
      <Description>PN 4520</Description>
      <Width>17300</Width>
      <Length>39500</Length>
      <Depth>1000</Depth>
      <InnerWidth>200</InnerWidth>
      <ShowHatchet>true</ShowHatchet>
      <ShowWaste>false</ShowWaste>
      <Sections>
        <Section>
          <Name>A</Name>
          <Location_X>415</Location_X>
          <Location_Y>475</Location_Y>
          <Width>16350</Width>
          <Length>8600</Length>
          <Depth>0</Depth>
          <IsWaste>false</IsWaste>
          <OrientationExtended>Landscape</OrientationExtended>
          <ContentOrientation>Landscape</ContentOrientation>
        </Section>
        <Section>
          <Name>A</Name>
          <Location_X>2115</Location_X>
          <Location_Y>1075</Location_Y>
          <Width>15150</Width>
          <Length>5200</Length>
          <Depth>-300</Depth>
          <IsWaste>false</IsWaste>
          <OrientationExtended>Landscape</OrientationExtended>
          <ContentOrientation>Landscape</ContentOrientation>
        </Section>
        <Section>
          <Name>A</Name>
          <Location_X>2390</Location_X>
          <Location_Y>2855</Location_Y>
          <Width>11370</Width>
          <Length>4650</Length>
          <Depth>-300</Depth>
          <IsWaste>false</IsWaste>
          <Content Version="1" xsi:type="Reservoir">
            <DataVersion>7</DataVersion>
            <Name>Multichannel Reservoir</Name>
            <Manufacturer>INTEGRA</Manufacturer>
            <PartNumber>4330, 4331, 4332, 4335, 4336, 4337, 4370, 4371, 4372</PartNumber>
            <Description>Polystyrene or Polypropylene</Description>
            <IconPath>Reservoir_10ml_1.png</IconPath>
            <Measurements>
              <DataVersion>0</DataVersion>
              <Description/>
              <FootprintLengthMM>4642</FootprintLengthMM>
              <FootprintWidthMM>11380</FootprintWidthMM>
              <HeightMM>2502</HeightMM>
            </Measurements>
            <Wells>
              <DataVersion>0</DataVersion>
              <Description/>
              <BottomShape>VShape</BottomShape>
              <CollumnCount>1</CollumnCount>
              <CollumnGap>3000</CollumnGap>
              <Depth>2178</Depth>
              <NominalWellVolume>1000000</NominalWellVolume>
              <VShapeDepth>0</VShapeDepth>
              <FirstHolePositionText>901;901</FirstHolePositionText>
              <RowCount>1</RowCount>
              <RowGap>9578</RowGap>
              <Shape>Rectangle</Shape>
              <Size>2839</Size>
              <SizeBottom>0</SizeBottom>
              <Length>9578</Length>
              <Type>V_Shape_10</Type>
            </Wells>
            <NameInProcess>!1</NameInProcess>
          </Content>
          <OrientationExtended>Landscape</OrientationExtended>
          <ContentOrientation>Landscape</ContentOrientation>
        </Section>
        <Section>
          <Name>A</Name>
          <Location_X>415</Location_X>
          <Location_Y>2260</Location_Y>
          <Width>12800</Width>
          <Length>8600</Length>
          <Depth>0</Depth>
          <IsWaste>false</IsWaste>
          <OrientationExtended>Landscape</OrientationExtended>
          <ContentOrientation>Landscape</ContentOrientation>
        </Section>
        <Section>
          <Name>A</Name>
          <Location_X>410</Location_X>
          <Location_Y>2260</Location_Y>
          <Width>14600</Width>
          <Length>8600</Length>
          <Depth>0</Depth>
          <IsWaste>false</IsWaste>
          <OrientationExtended>Landscape</OrientationExtended>
          <ContentOrientation>Landscape</ContentOrientation>
        </Section>
        <Section>
          <Name>B</Name>
          <Location_X>9540</Location_X>
          <Location_Y>2260</Location_Y>
          <Width>14570</Width>
          <Length>12820</Length>
          <Depth>0</Depth>
          <IsWaste>false</IsWaste>
          <Content Version="1" xsi:type="Tubeholder">
            <DataVersion>7</DataVersion>
            <Name>Rack for 1.5 ml microcentrifuge tubes with snap caps</Name>
            <Manufacturer>INTEGRA</Manufacturer>
            <PartNumber>4540</PartNumber>
            <Description>6x8 1.5 ml microcentrifuge tubes</Description>
            <Measurements>
              <DataVersion>0</DataVersion>
              <Description/>
              <FootprintLengthMM>12800</FootprintLengthMM>
              <FootprintWidthMM>14320</FootprintWidthMM>
              <HeightMM>4950</HeightMM>
            </Measurements>
            <Wells>
              <DataVersion>0</DataVersion>
              <Description/>
              <BottomShape>VShape</BottomShape>
              <CollumnCount>6</CollumnCount>
              <CollumnGap>2140</CollumnGap>
              <Depth>3730</Depth>
              <NominalWellVolume>150000</NominalWellVolume>
              <VShapeDepth>1790</VShapeDepth>
              <FirstHolePositionText>650;1675</FirstHolePositionText>
              <RowCount>8</RowCount>
              <RowGap>1350</RowGap>
              <Shape>Circle</Shape>
              <Size>885</Size>
              <SizeBottom>0</SizeBottom>
            </Wells>
            <NameInProcess>!1</NameInProcess>
          </Content>
          <OrientationExtended>Landscape</OrientationExtended>
          <ContentOrientation>Landscape</ContentOrientation>
        </Section>
        <Section>
          <Name>B</Name>
          <Location_X>9540</Location_X>
          <Location_Y>4370</Location_Y>
          <Width>8600</Width>
          <Length>12820</Length>
          <Depth>0</Depth>
          <IsWaste>false</IsWaste>
          <OrientationExtended>Landscape</OrientationExtended>
          <ContentOrientation>Landscape</ContentOrientation>
        </Section>
        <Section>
          <Name>B</Name>
          <Location_X>11650</Location_X>
          <Location_Y>2260</Location_Y>
          <Width>12820</Width>
          <Length>8600</Length>
          <Depth>0</Depth>
          <IsWaste>false</IsWaste>
          <OrientationExtended>Landscape</OrientationExtended>
          <ContentOrientation>Landscape</ContentOrientation>
        </Section>
        <Section>
          <Name>B</Name>
          <Location_X>11645</Location_X>
          <Location_Y>2260</Location_Y>
          <Width>14600</Width>
          <Length>8600</Length>
          <Depth>0</Depth>
          <IsWaste>false</IsWaste>
          <OrientationExtended>Landscape</OrientationExtended>
          <ContentOrientation>Landscape</ContentOrientation>
        </Section>
        <Section>
          <Name>B</Name>
          <Location_X>9540</Location_X>
          <Location_Y>2260</Location_Y>
          <Width>12820</Width>
          <Length>12820</Length>
          <Depth>0</Depth>
          <IsWaste>false</IsWaste>
          <OrientationExtended>Landscape</OrientationExtended>
          <ContentOrientation>Landscape</ContentOrientation>
        </Section>
        <Section>
          <Name>B</Name>
          <Location_X>11650</Location_X>
          <Location_Y>475</Location_Y>
          <Width>16350</Width>
          <Length>8600</Length>
          <Depth>0</Depth>
          <IsWaste>false</IsWaste>
          <OrientationExtended>Landscape</OrientationExtended>
          <ContentOrientation>Landscape</ContentOrientation>
        </Section>
        <Section>
          <Name>B</Name>
          <Location_X>10970</Location_X>
          <Location_Y>1575</Location_Y>
          <Width>14200</Width>
          <Length>9940</Length>
          <Depth>0</Depth>
          <IsWaste>false</IsWaste>
          <OrientationExtended>Landscape</OrientationExtended>
          <ContentOrientation>Landscape</ContentOrientation>
        </Section>
        <Section>
          <Name>B</Name>
          <Location_X>9540</Location_X>
          <Location_Y>475</Location_Y>
          <Width>16350</Width>
          <Length>12820</Length>
          <Depth>0</Depth>
          <IsWaste>false</IsWaste>
          <OrientationExtended>Landscape</OrientationExtended>
          <ContentOrientation>Landscape</ContentOrientation>
        </Section>
        <Section>
          <Name>C</Name>
          <Location_X>23340</Location_X>
          <Location_Y>2260</Location_Y>
          <Width>14570</Width>
          <Length>12820</Length>
          <Depth>0</Depth>
          <IsWaste>false</IsWaste>
          <OrientationExtended>Landscape</OrientationExtended>
          <ContentOrientation>Landscape</ContentOrientation>
        </Section>
        <Section>
          <Name>C</Name>
          <Location_X>23340</Location_X>
          <Location_Y>4370</Location_Y>
          <Width>8600</Width>
          <Length>12820</Length>
          <Depth>0</Depth>
          <IsWaste>false</IsWaste>
          <Content Version="1" xsi:type="Reservoir">
            <DataVersion>4</DataVersion>
            <Name>12 Column Polypropylene Reservoir</Name>
            <Manufacturer>INTEGRA</Manufacturer>
            <PartNumber>6361, 6362</PartNumber>
            <Description/>
            <IconPath>Reservoir_21ml_12_Well.png</IconPath>
            <Measurements>
              <DataVersion>0</DataVersion>
              <Description/>
              <FootprintLengthMM>12780</FootprintLengthMM>
              <FootprintWidthMM>8560</FootprintWidthMM>
              <HeightMM>4400</HeightMM>
            </Measurements>
            <Wells>
              <DataVersion>0</DataVersion>
              <Description/>
              <BottomShape>Circle</BottomShape>
              <CollumnCount>12</CollumnCount>
              <CollumnGap>900</CollumnGap>
              <Depth>3920</Depth>
              <NominalWellVolume>2100000</NominalWellVolume>
              <VShapeDepth>0</VShapeDepth>
              <FirstHolePositionText>1000;700</FirstHolePositionText>
              <RowCount>1</RowCount>
              <RowGap>7178</RowGap>
              <Shape>Circle</Shape>
              <Size>800</Size>
              <SizeBottom>0</SizeBottom>
              <Length>7178</Length>
              <Type>Block</Type>
            </Wells>
            <NameInProcess>!1</NameInProcess>
          </Content>
          <OrientationExtended>Landscape</OrientationExtended>
          <ContentOrientation>Landscape</ContentOrientation>
        </Section>
        <Section>
          <Name>C</Name>
          <Location_X>25450</Location_X>
          <Location_Y>2260</Location_Y>
          <Width>12820</Width>
          <Length>8600</Length>
          <Depth>0</Depth>
          <IsWaste>false</IsWaste>
          <OrientationExtended>Landscape</OrientationExtended>
          <ContentOrientation>Landscape</ContentOrientation>
        </Section>
        <Section>
          <Name>C</Name>
          <Location_X>25445</Location_X>
          <Location_Y>2260</Location_Y>
          <Width>14600</Width>
          <Length>8600</Length>
          <Depth>0</Depth>
          <IsWaste>false</IsWaste>
          <OrientationExtended>Landscape</OrientationExtended>
          <ContentOrientation>Landscape</ContentOrientation>
        </Section>
        <Section>
          <Name>C</Name>
          <Location_X>23340</Location_X>
          <Location_Y>2260</Location_Y>
          <Width>12820</Width>
          <Length>12820</Length>
          <Depth>0</Depth>
          <IsWaste>false</IsWaste>
          <OrientationExtended>Landscape</OrientationExtended>
          <ContentOrientation>Landscape</ContentOrientation>
        </Section>
        <Section>
          <Name>C</Name>
          <Location_X>25450</Location_X>
          <Location_Y>475</Location_Y>
          <Width>16350</Width>
          <Length>8600</Length>
          <Depth>0</Depth>
          <IsWaste>false</IsWaste>
          <OrientationExtended>Landscape</OrientationExtended>
          <ContentOrientation>Landscape</ContentOrientation>
        </Section>
        <Section>
          <Name>C</Name>
          <Location_X>24800</Location_X>
          <Location_Y>1575</Location_Y>
          <Width>14200</Width>
          <Length>9940</Length>
          <Depth>0</Depth>
          <IsWaste>false</IsWaste>
          <OrientationExtended>Landscape</OrientationExtended>
          <ContentOrientation>Landscape</ContentOrientation>
        </Section>
        <Section>
          <Name>C</Name>
          <Location_X>22670</Location_X>
          <Location_Y>3725</Location_Y>
          <Width>9940</Width>
          <Length>14200</Length>
          <Depth>0</Depth>
          <IsWaste>false</IsWaste>
          <OrientationExtended>Landscape</OrientationExtended>
          <ContentOrientation>Landscape</ContentOrientation>
        </Section>
        <Section>
          <Name>C</Name>
          <Location_X>23340</Location_X>
          <Location_Y>475</Location_Y>
          <Width>16350</Width>
          <Length>12820</Length>
          <Depth>0</Depth>
          <IsWaste>false</IsWaste>
          <OrientationExtended>Landscape</OrientationExtended>
          <ContentOrientation>Landscape</ContentOrientation>
        </Section>
        <Section>
          <Name>D</Name>
          <Location_X>37045</Location_X>
          <Location_Y>475</Location_Y>
          <Width>16350</Width>
          <Length>2000</Length>
          <Depth>-500</Depth>
          <IsWaste>true</IsWaste>
          <Content Version="1" xsi:type="Reservoir">
            <DataVersion>6</DataVersion>
            <Name>Waste block</Name>
            <Manufacturer>INTEGRA</Manufacturer>
            <PartNumber>4310, 4311, 4312, 4315, 4316, 4317, 4380, 4381, 4382</PartNumber>
            <Description>Polystyrene or Polypropylene</Description>
            <IconPath>Reservoir_25ml_1.png</IconPath>
            <Measurements Version="0">
              <DataVersion>0</DataVersion>
              <Description/>
              <FootprintLengthMM>2000</FootprintLengthMM>
              <FootprintWidthMM>16350</FootprintWidthMM>
              <HeightMM>11000</HeightMM>
            </Measurements>
            <Wells Version="0">
              <DataVersion>0</DataVersion>
              <Description/>
              <Angle>0</Angle>
              <SectionHeightCorrection>0</SectionHeightCorrection>
              <DeltaHmax>0</DeltaHmax>
              <BottomShape>Circle</BottomShape>
              <CollumnCount>1</CollumnCount>
              <CollumnGap>3600</CollumnGap>
              <Depth>10500</Depth>
              <NominalWellVolume>2500000</NominalWellVolume>
              <VShapeDepth>0</VShapeDepth>
              <FirstHolePositionText>0;0</FirstHolePositionText>
              <RowCount>1</RowCount>
              <RowGap>16350</RowGap>
              <Shape>Circle</Shape>
              <Size>2000</Size>
              <Length>16350</Length>
              <SizeBottom>0</SizeBottom>
              <Type>Waste</Type>
            </Wells>
          </Content>
          <OrientationExtended>Landscape</OrientationExtended>
          <ContentOrientation>Landscape</ContentOrientation>
        </Section>
      </Sections>
      <DeckID>00000000-0000-0000-0000-000000000000</DeckID>
      <CreationOrderIndex>0</CreationOrderIndex>
      <IsCopy>false</IsCopy>
      <NameInProcess>Labware Layout 1</NameInProcess>
    </Deck>
  </AllDecks>
  <Steps/>
  <GlobalParameters Key="Global">
    <Values>
      <Value Key="ClearanceHeight">800</Value>
      <Value Key="SectionOffsets">null</Value>
      <Value Key="DisplayTipEjectionOptions">true</Value>
      <Value Key="AfterTipEjectMonitoring">true</Value>
      <Value Key="AfterTipLoadMonitoring">false</Value>
      <Value Key="BeforeTipEjectMonitoring">true</Value>
      <Value Key="TipTypeRequiredTips"><![CDATA[{"33": 0}]]></Value>
      <Value Key="WasteAsTargetOption">false</Value>
      <Value Key="LabwareReintegration">false</Value>
      <Value Key="CopyHeightAdjustment">false</Value>
      <Value Key="WellBottomMinHeight">200</Value>
      <Value Key="CollisionAvoidanceOffset">0</Value>
      <Value Key="CollisionDetection">true</Value>
    </Values>
  </GlobalParameters>
  <ChangedDate>2024-12-17T16:27:27.0715524-05:00</ChangedDate>
  <LastChangeUser>UnknownUser</LastChangeUser>
</AssistConfig>
